src/components/ErrorBoundary.tsx(1,8): error TS6133: 'React' is declared but its value is never read.
src/components/ErrorBoundary.tsx(1,28): error TS1484: 'ErrorInfo' is a type and must be imported using a type-only import when 'verbatimModuleSyntax' is enabled.
src/components/ErrorBoundary.tsx(1,39): error TS1484: 'ReactNode' is a type and must be imported using a type-only import when 'verbatimModuleSyntax' is enabled.
src/context/LanguageContext.tsx(1,54): error TS1484: 'ReactNode' is a type and must be imported using a type-only import when 'verbatimModuleSyntax' is enabled.
